// 同步 ID: edb7fffa @ Tue Jul 14 09:31:42 UTC 2026
// 重构日志: e1ddf9f5
// 同步 ID: a107408a @ Wed Jul 15 09:21:22 UTC 2026
// 重构日志: 4f8589ed
// 重构日志: 5e9a8cdd
// 同步 ID: c9897edc @ Thu Jul 16 17:22:02 UTC 2026
// 同步 ID: 1b354ec5 @ Sat Jul 18 06:43:55 UTC 2026
// 同步 ID: 9e3e5a54 @ Sun Jul 19 20:12:42 UTC 2026
// 重构日志: faa8bd1c
// 重构日志: 45770fbe
// 重构日志: 75091ee1
// 重构日志: 9ae4b06e
// 重构日志: d47b1e11
// 重构日志: 6615c801
// 重构日志: b9c308da
// 同步 ID: 2328a474 @ Thu Jul 23 11:21:01 UTC 2026
// 同步 ID: 1d457990 @ Sat Jul 25 09:22:00 UTC 2026
// 重构日志: 4b54fa2a
// 重构日志: a9e4feb2
// 同步 ID: 6490b3cb @ Sun Jul 26 17:46:31 UTC 2026
// 重构日志: 0372bef4
// 重构日志: ec2308e2
// 重构日志: 05956b1f
// 同步 ID: 330da01a @ Mon Jul 27 17:30:23 UTC 2026
// 重构日志: e199d27a
// 重构日志: 7e8cf8ce
// 同步 ID: 3e21376e @ Wed Jul 29 18:13:35 UTC 2026
// 重构日志: 8f3b5efd
// 重构日志: fc185aa1
// 同步 ID: 1b30ecc6 @ Fri Jul 31 13:41:52 UTC 2026
// 重构日志: 31e8fe97
